{
  "Version": 2,
  "NumberProperty": 11,
  "StringProperty": "AAA1",
  "ArrayProperty": [
    "A",
    "B",
    "C"
  ],
  "SubProperty": {
    "SubStringProperty": "AAA",
    "SubNumberProperty": 111
  },
  "DictionaryProperty": {
    "Key1": 11,
    "Key2": 22,
    "Key3": 33
  }
}
